// Jest Snapshot v1, https://goo.gl/fbAQLP

exports[`SwapMath #computeSwapStep gas swap one for zero exact in capped 1`] = `525835`;

exports[`SwapMath #computeSwapStep gas swap one for zero exact in partial 1`] = `640103`;

exports[`SwapMath #computeSwapStep gas swap one for zero exact out capped 1`] = `467967`;

exports[`SwapMath #computeSwapStep gas swap one for zero exact out partial 1`] = `640103`;

exports[`SwapMath #computeSwapStep gas swap zero for one exact in capped 1`] = `561331`;

exports[`SwapMath #computeSwapStep gas swap zero for one exact in partial 1`] = `871577`;

exports[`SwapMath #computeSwapStep gas swap zero for one exact out capped 1`] = `503463`;

exports[`SwapMath #computeSwapStep gas swap zero for one exact out partial 1`] = `871577`;
